// Jest Snapshot v1, https://goo.gl/fbAQLP

exports[`renders a snapshot 1`] = `
<button
  className="MuiButtonBase-root MuiButton-root makeStyles-button-1 MuiButton-contained"
  disabled={false}
  onBlur={[Function]}
  onClick={[Function]}
  onFocus={[Function]}
  onKeyDown={[Function]}
  onKeyUp={[Function]}
  onMouseDown={[Function]}
  onMouseLeave={[Function]}
  onMouseUp={[Function]}
  onTouchEnd={[Function]}
  onTouchMove={[Function]}
  onTouchStart={[Function]}
  tabIndex={0}
  type="button"
>
  <span
    className="MuiButton-label"
  >
    <span
      aria-hidden={true}
      className="material-icons MuiIcon-root makeStyles-leftIcon-2"
    >
      dummy
    </span>
    Sample
  </span>
</button>
`;
